// Jest Snapshot v1, https://goo.gl/fbAQLP

exports[`askExpressMiddleware should call next with error when bad code is sent 1`] = `
[SyntaxError: Expected all operators in an expression to be the same (e.g. a+b+c), but 5 + 5 * 10, which uses operator '*', found instead. Use brackets to separate different operators, e.g. a+b+(c*d)
Location: {
  "start": {
    "offset": 12,
    "line": 2,
    "column": 7
  },
  "end": {
    "offset": 22,
    "line": 2,
    "column": 17
  }
}]
`;
